  alfil.cpp
  caballo.cpp
  computador.cpp
C:\Users\prestamo_admin\Desktop\UPM\UPM - Asignaturas\UPM - S6\6 - Informática Ind\AjedrezKramnik\src\computador.cpp(20,25): warning C4244: 'argument': conversion from 'time_t' to 'unsigned int', possible loss of data
  juego.cpp
  losa.cpp
  mundo.cpp
  peon.cpp
  pieza.cpp
  plataforma.cpp
C:\Users\prestamo_admin\Desktop\UPM\UPM - Asignaturas\UPM - S6\6 - Informática Ind\AjedrezKramnik\src\plataforma.cpp(13,31): warning C4244: 'argument': conversion from 'int' to 'float', possible loss of data
C:\Users\prestamo_admin\Desktop\UPM\UPM - Asignaturas\UPM - S6\6 - Informática Ind\AjedrezKramnik\src\plataforma.cpp(13,28): warning C4244: 'argument': conversion from 'int' to 'float', possible loss of data
  reglas.cpp
C:\Users\prestamo_admin\Desktop\UPM\UPM - Asignaturas\UPM - S6\6 - Informática Ind\AjedrezKramnik\src\reglas.cpp(28,70): warning C4244: 'argument': conversion from 'float' to 'std::array<std::array<int,6>,5>::size_type', possible loss of data
C:\Users\prestamo_admin\Desktop\UPM\UPM - Asignaturas\UPM - S6\6 - Informática Ind\AjedrezKramnik\src\reglas.cpp(28,81): warning C4244: 'argument': conversion from 'float' to 'std::array<int,6>::size_type', possible loss of data
C:\Users\prestamo_admin\Desktop\UPM\UPM - Asignaturas\UPM - S6\6 - Informática Ind\AjedrezKramnik\src\reglas.cpp(28,134): warning C4244: 'argument': conversion from 'float' to 'std::array<std::array<int,6>,5>::size_type', possible loss of data
C:\Users\prestamo_admin\Desktop\UPM\UPM - Asignaturas\UPM - S6\6 - Informática Ind\AjedrezKramnik\src\reglas.cpp(28,145): warning C4244: 'argument': conversion from 'float' to 'std::array<int,6>::size_type', possible loss of data
C:\Users\prestamo_admin\Desktop\UPM\UPM - Asignaturas\UPM - S6\6 - Informática Ind\AjedrezKramnik\src\reglas.cpp(28,212): warning C4244: 'argument': conversion from 'float' to 'std::array<std::array<int,6>,5>::size_type', possible loss of data
C:\Users\prestamo_admin\Desktop\UPM\UPM - Asignaturas\UPM - S6\6 - Informática Ind\AjedrezKramnik\src\reglas.cpp(28,223): warning C4244: 'argument': conversion from 'float' to 'std::array<int,6>::size_type', possible loss of data
C:\Users\prestamo_admin\Desktop\UPM\UPM - Asignaturas\UPM - S6\6 - Informática Ind\AjedrezKramnik\src\reglas.cpp(28,277): warning C4244: 'argument': conversion from 'float' to 'std::array<std::array<int,6>,5>::size_type', possible loss of data
C:\Users\prestamo_admin\Desktop\UPM\UPM - Asignaturas\UPM - S6\6 - Informática Ind\AjedrezKramnik\src\reglas.cpp(28,288): warning C4244: 'argument': conversion from 'float' to 'std::array<int,6>::size_type', possible loss of data
C:\Users\prestamo_admin\Desktop\UPM\UPM - Asignaturas\UPM - S6\6 - Informática Ind\AjedrezKramnik\src\reglas.cpp(56,33): warning C4244: 'argument': conversion from 'float' to 'std::array<std::array<Losa,6>,5>::size_type', possible loss of data
C:\Users\prestamo_admin\Desktop\UPM\UPM - Asignaturas\UPM - S6\6 - Informática Ind\AjedrezKramnik\src\reglas.cpp(56,43): warning C4244: 'argument': conversion from 'float' to 'std::array<Losa,6>::size_type', possible loss of data
  reina.cpp
  rey.cpp
  torre.cpp
C:\Users\prestamo_admin\Desktop\UPM\UPM - Asignaturas\UPM - S6\6 - Informática Ind\AjedrezKramnik\src\torre.cpp(40,80): warning C4244: 'argument': conversion from 'double' to 'GLfloat', possible loss of data
C:\Users\prestamo_admin\Desktop\UPM\UPM - Asignaturas\UPM - S6\6 - Informática Ind\AjedrezKramnik\src\torre.cpp(40,40): warning C4244: 'argument': conversion from 'double' to 'GLfloat', possible loss of data
  vector2D.cpp
  Generating Code...
  Juego.vcxproj -> C:\Users\prestamo_admin\Desktop\UPM\UPM - Asignaturas\UPM - S6\6 - Informática Ind\AjedrezKramnik\bin\Juego.exe
